

> @arenaswap/extension@0.1.0 typecheck
> wxt prepare && tsc --noEmit

                                                                                                           [90m11:52:16 PM[39m
[90mWXT[39m [90m[1m0.20.20[22m[39m
[36mℹ[39m Generating types...                                                                                     [90m11:52:16 PM[39m
[32m✔[39m Finished in 85 ms                                                                                       [90m11:52:16 PM[39m
[96mentrypoints/popup/App.tsx[0m:[93m3[0m:[93m27[0m - [91merror[0m[90m TS2307: [0mCannot find module 'webextension-polyfill' or its corresponding type declarations.

[7m3[0m import type { Tabs } from 'webextension-polyfill';
[7m [0m [91m                          ~~~~~~~~~~~~~~~~~~~~~~~[0m

[96mentrypoints/popup/components/TabSetupRow.tsx[0m:[93m1[0m:[93m27[0m - [91merror[0m[90m TS2307: [0mCannot find module 'webextension-polyfill' or its corresponding type declarations.

[7m1[0m import type { Tabs } from 'webextension-polyfill';
[7m [0m [91m                          ~~~~~~~~~~~~~~~~~~~~~~~[0m


Found 2 errors in 2 files.

Errors  Files
     1  entrypoints/popup/App.tsx[90m:3[0m
     1  entrypoints/popup/components/TabSetupRow.tsx[90m:1[0m
⠙[1G[0K[1mnpm[22m [31merror[39m Lifecycle script `typecheck` failed with error:
⠙[1G[0K[1mnpm[22m [31merror[39m [94mcode[39m [33m2[39m
⠙[1G[0K[1mnpm[22m [31merror[39m [94mpath[39m /Users/rpmul/Source/arenaswap/apps/extension
⠙[1G[0K[1mnpm[22m [31merror[39m [94mworkspace[39m @arenaswap/extension@0.1.0
⠙[1G[0K[1mnpm[22m [31merror[39m [94mlocation[39m /Users/rpmul/Source/arenaswap/apps/extension
⠙[1G[0K[1mnpm[22m [31merror[39m command failed
⠙[1G[0K[1mnpm[22m [31merror[39m [94mcommand[39m sh -c wxt prepare && tsc --noEmit
⠙[1G[0K
